2026-07-29T17:22:07.031372Z  INFO tailwindcss_oxide::scanner: Provided sources:
2026-07-29T17:22:07.031569Z  INFO tailwindcss_oxide::scanner: Source: PublicSourceEntry { base: "c:\\Users\\alfat\\Downloads\\web-analytics-dashboard (1)", pattern: "**/*", negated: false }
2026-07-29T17:22:07.032579Z  INFO tailwindcss_oxide::scanner: Optimized sources:
2026-07-29T17:22:07.032615Z  INFO tailwindcss_oxide::scanner: Source: Auto { base: "C:\\Users\\alfat\\Downloads\\web-analytics-dashboard (1)" }
2026-07-29T17:22:07.035301Z  INFO get_files: tailwindcss_oxide::scanner: enter
2026-07-29T17:22:07.035344Z  INFO get_files:discover_sources: tailwindcss_oxide::scanner: enter
2026-07-29T17:22:07.035508Z  INFO get_files:discover_sources:walk_synchronous: tailwindcss_oxide::scanner: enter
2026-07-29T17:22:07.045861Z  INFO get_files:discover_sources:walk_synchronous: tailwindcss_oxide::scanner: exit
2026-07-29T17:22:07.046506Z  INFO tailwindcss_oxide::scanner: Reading "C:\\Users\\alfat\\Downloads\\web-analytics-dashboard (1)\\src\\types\\analytics.ts"
2026-07-29T17:22:07.046506Z  INFO tailwindcss_oxide::scanner: Reading "C:\\Users\\alfat\\Downloads\\web-analytics-dashboard (1)\\src\\components\\PagesView.tsx"
2026-07-29T17:22:07.046520Z  INFO tailwindcss_oxide::scanner: Reading "C:\\Users\\alfat\\Downloads\\web-analytics-dashboard (1)\\src\\services\\analyticsService.ts"
2026-07-29T17:22:07.046546Z  INFO tailwindcss_oxide::scanner: Reading "C:\\Users\\alfat\\Downloads\\web-analytics-dashboard (1)\\src\\lib\\supabase.ts"
2026-07-29T17:22:07.046648Z  INFO tailwindcss_oxide::scanner: Reading "C:\\Users\\alfat\\Downloads\\web-analytics-dashboard (1)\\src\\lib\\supabase\\browser.ts"
2026-07-29T17:22:07.046671Z  INFO tailwindcss_oxide::scanner: Reading "C:\\Users\\alfat\\Downloads\\web-analytics-dashboard (1)\\src\\main.tsx"
2026-07-29T17:22:07.046674Z  INFO tailwindcss_oxide::scanner: Reading "C:\\Users\\alfat\\Downloads\\web-analytics-dashboard (1)\\src\\lib\\supabase\\server.ts"
2026-07-29T17:22:07.046673Z  INFO tailwindcss_oxide::scanner: Reading "C:\\Users\\alfat\\Downloads\\web-analytics-dashboard (1)\\src\\services\\authService.ts"
2026-07-29T17:22:07.046737Z  INFO tailwindcss_oxide::scanner: Reading "C:\\Users\\alfat\\Downloads\\web-analytics-dashboard (1)\\src\\lib\\supabase\\index.ts"
2026-07-29T17:22:07.046791Z  INFO tailwindcss_oxide::scanner: Reading "C:\\Users\\alfat\\Downloads\\web-analytics-dashboard (1)\\src\\lib\\supabase\\types.ts"
2026-07-29T17:22:07.046800Z  INFO tailwindcss_oxide::scanner: Reading "C:\\Users\\alfat\\Downloads\\web-analytics-dashboard (1)\\src\\components\\PlatformMonitorView.tsx"
2026-07-29T17:22:07.046808Z  INFO tailwindcss_oxide::scanner: Reading "C:\\Users\\alfat\\Downloads\\web-analytics-dashboard (1)\\.github\\workflows\\deploy.yml"
2026-07-29T17:22:07.046826Z  INFO tailwindcss_oxide::scanner: Reading "C:\\Users\\alfat\\Downloads\\web-analytics-dashboard (1)\\src\\repositories\\siteRepository.ts"
2026-07-29T17:22:07.046825Z  INFO tailwindcss_oxide::scanner: Reading "C:\\Users\\alfat\\Downloads\\web-analytics-dashboard (1)\\src\\services\\collectorService.ts"
2026-07-29T17:22:07.046924Z  INFO tailwindcss_oxide::scanner: Reading "C:\\Users\\alfat\\Downloads\\web-analytics-dashboard (1)\\src\\components\\RealtimeView.tsx"
2026-07-29T17:22:07.046941Z  INFO tailwindcss_oxide::scanner: Reading "C:\\Users\\alfat\\Downloads\\web-analytics-dashboard (1)\\src\\sdk\\tracker.ts"
2026-07-29T17:22:07.046943Z  INFO tailwindcss_oxide::scanner: Reading "C:\\Users\\alfat\\Downloads\\web-analytics-dashboard (1)\\src\\services\\queueService.ts"
2026-07-29T17:22:07.046988Z  INFO tailwindcss_oxide::scanner: Reading "C:\\Users\\alfat\\Downloads\\web-analytics-dashboard (1)\\src\\components\\shared\\SkeletonLoader.tsx"
2026-07-29T17:22:07.046999Z  INFO tailwindcss_oxide::scanner: Reading "C:\\Users\\alfat\\Downloads\\web-analytics-dashboard (1)\\src\\repositories\\analyticsRepository.ts"
2026-07-29T17:22:07.047025Z  INFO tailwindcss_oxide::scanner: Reading "C:\\Users\\alfat\\Downloads\\web-analytics-dashboard (1)\\src\\components\\ReportsView.tsx"
2026-07-29T17:22:07.047111Z  INFO tailwindcss_oxide::scanner: Reading "C:\\Users\\alfat\\Downloads\\web-analytics-dashboard (1)\\src\\components\\SitesView.tsx"
2026-07-29T17:22:07.047141Z  INFO tailwindcss_oxide::scanner: Reading "C:\\Users\\alfat\\Downloads\\web-analytics-dashboard (1)\\SUPABASE_OPTIMIZATION_EXPLANATION.md"
2026-07-29T17:22:07.047177Z  INFO tailwindcss_oxide::scanner: Reading "C:\\Users\\alfat\\Downloads\\web-analytics-dashboard (1)\\src\\components\\shared\\EmptyState.tsx"
2026-07-29T17:22:07.047215Z  INFO tailwindcss_oxide::scanner: Reading "C:\\Users\\alfat\\Downloads\\web-analytics-dashboard (1)\\src\\components\\TechnologyView.tsx"
2026-07-29T17:22:07.047267Z  INFO tailwindcss_oxide::scanner: Reading "C:\\Users\\alfat\\Downloads\\web-analytics-dashboard (1)\\server.ts"
2026-07-29T17:22:07.047286Z  INFO tailwindcss_oxide::scanner: Reading "C:\\Users\\alfat\\Downloads\\web-analytics-dashboard (1)\\src\\components\\TrackingInstallationView.tsx"
2026-07-29T17:22:07.047371Z  INFO tailwindcss_oxide::scanner: Reading "C:\\Users\\alfat\\Downloads\\web-analytics-dashboard (1)\\src\\App.tsx"
2026-07-29T17:22:07.047400Z  INFO tailwindcss_oxide::scanner: Reading "C:\\Users\\alfat\\Downloads\\web-analytics-dashboard (1)\\tsconfig.json"
2026-07-29T17:22:07.047473Z  INFO tailwindcss_oxide::scanner: Reading "C:\\Users\\alfat\\Downloads\\web-analytics-dashboard (1)\\src\\components\\AcquisitionView.tsx"
2026-07-29T17:22:07.047520Z  INFO tailwindcss_oxide::scanner: Reading "C:\\Users\\alfat\\Downloads\\web-analytics-dashboard (1)\\vite.config.ts"
2026-07-29T17:22:07.047570Z  INFO tailwindcss_oxide::scanner: Reading "C:\\Users\\alfat\\Downloads\\web-analytics-dashboard (1)\\src\\components\\ApiKeysView.tsx"
2026-07-29T17:22:07.047037Z  INFO tailwindcss_oxide::scanner: Reading "C:\\Users\\alfat\\Downloads\\web-analytics-dashboard (1)\\src\\components\\SessionDetailModal.tsx"
2026-07-29T17:22:07.047653Z  INFO tailwindcss_oxide::scanner: Reading "C:\\Users\\alfat\\Downloads\\web-analytics-dashboard (1)\\src\\components\\BreakdownCard.tsx"
2026-07-29T17:22:07.047658Z  INFO tailwindcss_oxide::scanner: Reading "C:\\Users\\alfat\\Downloads\\web-analytics-dashboard (1)\\metadata.json"
2026-07-29T17:22:07.047650Z  INFO tailwindcss_oxide::scanner: Reading "C:\\Users\\alfat\\Downloads\\web-analytics-dashboard (1)\\docs\\RELIABILITY_ARCHITECTURE_REPORT.md"
2026-07-29T17:22:07.047755Z  INFO tailwindcss_oxide::scanner: Reading "C:\\Users\\alfat\\Downloads\\web-analytics-dashboard (1)\\src\\components\\EventsView.tsx"
2026-07-29T17:22:07.047777Z  INFO tailwindcss_oxide::scanner: Reading "C:\\Users\\alfat\\Downloads\\web-analytics-dashboard (1)\\src\\components\\SettingsView.tsx"
2026-07-29T17:22:07.047840Z  INFO tailwindcss_oxide::scanner: Reading "C:\\Users\\alfat\\Downloads\\web-analytics-dashboard (1)\\docker-compose.prod.yml"
2026-07-29T17:22:07.047852Z  INFO tailwindcss_oxide::scanner: Reading "C:\\Users\\alfat\\Downloads\\web-analytics-dashboard (1)\\src\\components\\ExportButton.tsx"
2026-07-29T17:22:07.047868Z  INFO tailwindcss_oxide::scanner: Reading "C:\\Users\\alfat\\Downloads\\web-analytics-dashboard (1)\\nginx.conf"
2026-07-29T17:22:07.047901Z  INFO tailwindcss_oxide::scanner: Reading "C:\\Users\\alfat\\Downloads\\web-analytics-dashboard (1)\\src\\components\\GlobalFilterBar.tsx"
2026-07-29T17:22:07.047972Z  INFO tailwindcss_oxide::scanner: Reading "C:\\Users\\alfat\\Downloads\\web-analytics-dashboard (1)\\package.json"
2026-07-29T17:22:07.047980Z  INFO tailwindcss_oxide::scanner: Reading "C:\\Users\\alfat\\Downloads\\web-analytics-dashboard (1)\\src\\components\\GeographyView.tsx"
2026-07-29T17:22:07.048009Z  INFO tailwindcss_oxide::scanner: Reading "C:\\Users\\alfat\\Downloads\\web-analytics-dashboard (1)\\src\\components\\GlobalSearchModal.tsx"
2026-07-29T17:22:07.048033Z  INFO tailwindcss_oxide::scanner: Reading "C:\\Users\\alfat\\Downloads\\web-analytics-dashboard (1)\\docker-compose.yml"
2026-07-29T17:22:07.048044Z  INFO tailwindcss_oxide::scanner: Reading "C:\\Users\\alfat\\Downloads\\web-analytics-dashboard (1)\\docs\\SDK_DOCUMENTATION.md"
2026-07-29T17:22:07.048079Z  INFO tailwindcss_oxide::scanner: Reading "C:\\Users\\alfat\\Downloads\\web-analytics-dashboard (1)\\public\\tracker.js"
2026-07-29T17:22:07.048081Z  INFO tailwindcss_oxide::scanner: Reading "C:\\Users\\alfat\\Downloads\\web-analytics-dashboard (1)\\src\\components\\MainChart.tsx"
2026-07-29T17:22:07.047059Z  INFO tailwindcss_oxide::scanner: Reading "C:\\Users\\alfat\\Downloads\\web-analytics-dashboard (1)\\src\\components\\shared\\AuthModal.tsx"
2026-07-29T17:22:07.048293Z  INFO tailwindcss_oxide::scanner: Reading "C:\\Users\\alfat\\Downloads\\web-analytics-dashboard (1)\\src\\components\\MetricCard.tsx"
2026-07-29T17:22:07.048296Z  INFO tailwindcss_oxide::scanner: Reading "C:\\Users\\alfat\\Downloads\\web-analytics-dashboard (1)\\src\\components\\layout\\Sidebar.tsx"
2026-07-29T17:22:07.048304Z  INFO tailwindcss_oxide::scanner: Reading "C:\\Users\\alfat\\Downloads\\web-analytics-dashboard (1)\\README.md"
2026-07-29T17:22:07.048393Z  INFO tailwindcss_oxide::scanner: Reading "C:\\Users\\alfat\\Downloads\\web-analytics-dashboard (1)\\docs\\VERSION_MANIFEST.md"
2026-07-29T17:22:07.048419Z  INFO tailwindcss_oxide::scanner: Reading "C:\\Users\\alfat\\Downloads\\web-analytics-dashboard (1)\\src\\lib\\analytics\\index.ts"
2026-07-29T17:22:07.048423Z  INFO tailwindcss_oxide::scanner: Reading "C:\\Users\\alfat\\Downloads\\web-analytics-dashboard (1)\\src\\components\\Navbar.tsx"
2026-07-29T17:22:07.048098Z  INFO tailwindcss_oxide::scanner: Reading "C:\\Users\\alfat\\Downloads\\web-analytics-dashboard (1)\\src\\components\\layout\\AppLayout.tsx"
2026-07-29T17:22:07.048516Z  INFO tailwindcss_oxide::scanner: Reading "C:\\Users\\alfat\\Downloads\\web-analytics-dashboard (1)\\src\\lib\\analyticsEngine.ts"
2026-07-29T17:22:07.048521Z  INFO tailwindcss_oxide::scanner: Reading "C:\\Users\\alfat\\Downloads\\web-analytics-dashboard (1)\\index.html"
2026-07-29T17:22:07.048523Z  INFO tailwindcss_oxide::scanner: Reading "C:\\Users\\alfat\\Downloads\\web-analytics-dashboard (1)\\src\\components\\NewSiteModal.tsx"
2026-07-29T17:22:07.048574Z  INFO tailwindcss_oxide::scanner: Reading "C:\\Users\\alfat\\Downloads\\web-analytics-dashboard (1)\\src\\components\\VisitorsView.tsx"
2026-07-29T17:22:07.048614Z  INFO tailwindcss_oxide::scanner: Reading "C:\\Users\\alfat\\Downloads\\web-analytics-dashboard (1)\\src\\lib\\logger.ts"
2026-07-29T17:22:07.048648Z  INFO tailwindcss_oxide::scanner: Reading "C:\\Users\\alfat\\Downloads\\web-analytics-dashboard (1)\\src\\components\\PageDetailModal.tsx"
2026-07-29T17:22:07.048732Z  INFO tailwindcss_oxide::scanner: Reading "C:\\Users\\alfat\\Downloads\\web-analytics-dashboard (1)\\docs\\COLLECTOR_SPECIFICATION.md"
2026-07-29T17:22:07.048829Z  INFO tailwindcss_oxide::scanner: Reading "C:\\Users\\alfat\\Downloads\\web-analytics-dashboard (1)\\docs\\END_TO_END_INTEGRATION_REPORT.md"
2026-07-29T17:22:07.048893Z  INFO tailwindcss_oxide::scanner: Reading "C:\\Users\\alfat\\Downloads\\web-analytics-dashboard (1)\\docs\\RELEASE_V1_OPERATIONAL_RUNBOOK.md"
2026-07-29T17:22:07.048900Z  INFO tailwindcss_oxide::scanner: Reading "C:\\Users\\alfat\\Downloads\\web-analytics-dashboard (1)\\docs\\OPENAPI.json"
2026-07-29T17:22:07.048964Z  INFO tailwindcss_oxide::scanner: Reading "C:\\Users\\alfat\\Downloads\\web-analytics-dashboard (1)\\src\\components\\VisitorDetailModal.tsx"
2026-07-29T17:22:07.049011Z  INFO tailwindcss_oxide::scanner: Reading "C:\\Users\\alfat\\Downloads\\web-analytics-dashboard (1)\\docs\\PRODUCTION_READINESS_REPORT.md"
2026-07-29T17:22:07.062178Z  INFO tailwindcss_oxide::scanner: Reading "C:\\Users\\alfat\\Downloads\\web-analytics-dashboard (1)\\tests\\runner.ts"
2026-07-29T17:22:07.062364Z  INFO get_files:discover_sources: tailwindcss_oxide::scanner: exit
2026-07-29T17:22:07.062678Z  INFO get_files: tailwindcss_oxide::scanner: exit
2026-07-29T17:22:07.062768Z  INFO get_globs: tailwindcss_oxide::scanner: enter
2026-07-29T17:22:07.062776Z  INFO get_globs:discover_sources: tailwindcss_oxide::scanner: enter
2026-07-29T17:22:07.062782Z  INFO get_globs:discover_sources: tailwindcss_oxide::scanner: exit
2026-07-29T17:22:07.068258Z  INFO get_globs: tailwindcss_oxide::scanner: exit
