2026-07-30T01:37:45.789445Z  INFO tailwindcss_oxide::scanner: Provided sources:
2026-07-30T01:37:45.790159Z  INFO tailwindcss_oxide::scanner: Source: PublicSourceEntry { base: "c:\\Users\\alfat\\Downloads\\web-analytics-dashboard (1)", pattern: "**/*", negated: false }
2026-07-30T01:37:45.794443Z  INFO tailwindcss_oxide::scanner: Optimized sources:
2026-07-30T01:37:45.794484Z  INFO tailwindcss_oxide::scanner: Source: Auto { base: "C:\\Users\\alfat\\Downloads\\web-analytics-dashboard (1)" }
2026-07-30T01:37:45.801472Z  INFO get_files: tailwindcss_oxide::scanner: enter
2026-07-30T01:37:45.801531Z  INFO get_files:discover_sources: tailwindcss_oxide::scanner: enter
2026-07-30T01:37:45.801971Z  INFO get_files:discover_sources:walk_synchronous: tailwindcss_oxide::scanner: enter
2026-07-30T01:37:45.819976Z  INFO get_files:discover_sources:walk_synchronous: tailwindcss_oxide::scanner: exit
2026-07-30T01:37:45.821074Z  INFO tailwindcss_oxide::scanner: Reading "C:\\Users\\alfat\\Downloads\\web-analytics-dashboard (1)\\README.md"
2026-07-30T01:37:45.821218Z  INFO tailwindcss_oxide::scanner: Reading "C:\\Users\\alfat\\Downloads\\web-analytics-dashboard (1)\\server.ts"
2026-07-30T01:37:45.821363Z  INFO tailwindcss_oxide::scanner: Reading "C:\\Users\\alfat\\Downloads\\web-analytics-dashboard (1)\\src\\components\\SitesView.tsx"
2026-07-30T01:37:45.821398Z  INFO tailwindcss_oxide::scanner: Reading "C:\\Users\\alfat\\Downloads\\web-analytics-dashboard (1)\\.github\\workflows\\deploy.yml"
2026-07-30T01:37:45.821524Z  INFO tailwindcss_oxide::scanner: Reading "C:\\Users\\alfat\\Downloads\\web-analytics-dashboard (1)\\src\\lib\\supabase\\browser.ts"
2026-07-30T01:37:45.821545Z  INFO tailwindcss_oxide::scanner: Reading "C:\\Users\\alfat\\Downloads\\web-analytics-dashboard (1)\\src\\components\\VisitorsView.tsx"
2026-07-30T01:37:45.821580Z  INFO tailwindcss_oxide::scanner: Reading "C:\\Users\\alfat\\Downloads\\web-analytics-dashboard (1)\\src\\components\\PagesView.tsx"
2026-07-30T01:37:45.821599Z  INFO tailwindcss_oxide::scanner: Reading "C:\\Users\\alfat\\Downloads\\web-analytics-dashboard (1)\\src\\components\\ApiKeysView.tsx"
2026-07-30T01:37:45.821706Z  INFO tailwindcss_oxide::scanner: Reading "C:\\Users\\alfat\\Downloads\\web-analytics-dashboard (1)\\src\\components\\GlobalFilterBar.tsx"
2026-07-30T01:37:45.821795Z  INFO tailwindcss_oxide::scanner: Reading "C:\\Users\\alfat\\Downloads\\web-analytics-dashboard (1)\\src\\components\\TechnologyView.tsx"
2026-07-30T01:37:45.821837Z  INFO tailwindcss_oxide::scanner: Reading "C:\\Users\\alfat\\Downloads\\web-analytics-dashboard (1)\\src\\lib\\supabase\\index.ts"
2026-07-30T01:37:45.821912Z  INFO tailwindcss_oxide::scanner: Reading "C:\\Users\\alfat\\Downloads\\web-analytics-dashboard (1)\\src\\App.tsx"
2026-07-30T01:37:45.821926Z  INFO tailwindcss_oxide::scanner: Reading "C:\\Users\\alfat\\Downloads\\web-analytics-dashboard (1)\\src\\lib\\analytics\\index.ts"
2026-07-30T01:37:45.821984Z  INFO tailwindcss_oxide::scanner: Reading "C:\\Users\\alfat\\Downloads\\web-analytics-dashboard (1)\\docker-compose.prod.yml"
2026-07-30T01:37:45.822130Z  INFO tailwindcss_oxide::scanner: Reading "C:\\Users\\alfat\\Downloads\\web-analytics-dashboard (1)\\src\\components\\PlatformMonitorView.tsx"
2026-07-30T01:37:45.822142Z  INFO tailwindcss_oxide::scanner: Reading "C:\\Users\\alfat\\Downloads\\web-analytics-dashboard (1)\\src\\components\\BreakdownCard.tsx"
2026-07-30T01:37:45.822405Z  INFO tailwindcss_oxide::scanner: Reading "C:\\Users\\alfat\\Downloads\\web-analytics-dashboard (1)\\src\\components\\GlobalSearchModal.tsx"
2026-07-30T01:37:45.822428Z  INFO tailwindcss_oxide::scanner: Reading "C:\\Users\\alfat\\Downloads\\web-analytics-dashboard (1)\\src\\components\\AcquisitionView.tsx"
2026-07-30T01:37:45.822453Z  INFO tailwindcss_oxide::scanner: Reading "C:\\Users\\alfat\\Downloads\\web-analytics-dashboard (1)\\src\\lib\\supabase\\server.ts"
2026-07-30T01:37:45.822719Z  INFO tailwindcss_oxide::scanner: Reading "C:\\Users\\alfat\\Downloads\\web-analytics-dashboard (1)\\src\\components\\TrackingInstallationView.tsx"
2026-07-30T01:37:45.822790Z  INFO tailwindcss_oxide::scanner: Reading "C:\\Users\\alfat\\Downloads\\web-analytics-dashboard (1)\\src\\lib\\analyticsEngine.ts"
2026-07-30T01:37:45.822724Z  INFO tailwindcss_oxide::scanner: Reading "C:\\Users\\alfat\\Downloads\\web-analytics-dashboard (1)\\src\\components\\EventsView.tsx"
2026-07-30T01:37:45.822737Z  INFO tailwindcss_oxide::scanner: Reading "C:\\Users\\alfat\\Downloads\\web-analytics-dashboard (1)\\docker-compose.yml"
2026-07-30T01:37:45.822719Z  INFO tailwindcss_oxide::scanner: Reading "C:\\Users\\alfat\\Downloads\\web-analytics-dashboard (1)\\src\\components\\RealtimeView.tsx"
2026-07-30T01:37:45.823068Z  INFO tailwindcss_oxide::scanner: Reading "C:\\Users\\alfat\\Downloads\\web-analytics-dashboard (1)\\src\\components\\VisitorDetailModal.tsx"
2026-07-30T01:37:45.823173Z  INFO tailwindcss_oxide::scanner: Reading "C:\\Users\\alfat\\Downloads\\web-analytics-dashboard (1)\\src\\components\\IntegrationVerificationView.tsx"
2026-07-30T01:37:45.823210Z  INFO tailwindcss_oxide::scanner: Reading "C:\\Users\\alfat\\Downloads\\web-analytics-dashboard (1)\\src\\components\\ExportButton.tsx"
2026-07-30T01:37:45.823293Z  INFO tailwindcss_oxide::scanner: Reading "C:\\Users\\alfat\\Downloads\\web-analytics-dashboard (1)\\docs\\RELIABILITY_ARCHITECTURE_REPORT.md"
2026-07-30T01:37:45.823374Z  INFO tailwindcss_oxide::scanner: Reading "C:\\Users\\alfat\\Downloads\\web-analytics-dashboard (1)\\docs\\COLLECTOR_SPECIFICATION.md"
2026-07-30T01:37:45.823413Z  INFO tailwindcss_oxide::scanner: Reading "C:\\Users\\alfat\\Downloads\\web-analytics-dashboard (1)\\src\\components\\ReportsView.tsx"
2026-07-30T01:37:45.823427Z  INFO tailwindcss_oxide::scanner: Reading "C:\\Users\\alfat\\Downloads\\web-analytics-dashboard (1)\\src\\lib\\supabase\\types.ts"
2026-07-30T01:37:45.823459Z  INFO tailwindcss_oxide::scanner: Reading "C:\\Users\\alfat\\Downloads\\web-analytics-dashboard (1)\\src\\lib\\env.ts"
2026-07-30T01:37:45.823591Z  INFO tailwindcss_oxide::scanner: Reading "C:\\Users\\alfat\\Downloads\\web-analytics-dashboard (1)\\src\\lib\\supabase.ts"
2026-07-30T01:37:45.823660Z  INFO tailwindcss_oxide::scanner: Reading "C:\\Users\\alfat\\Downloads\\web-analytics-dashboard (1)\\src\\components\\GeographyView.tsx"
2026-07-30T01:37:45.823695Z  INFO tailwindcss_oxide::scanner: Reading "C:\\Users\\alfat\\Downloads\\web-analytics-dashboard (1)\\src\\components\\MainChart.tsx"
2026-07-30T01:37:45.823728Z  INFO tailwindcss_oxide::scanner: Reading "C:\\Users\\alfat\\Downloads\\web-analytics-dashboard (1)\\src\\main.tsx"
2026-07-30T01:37:45.823826Z  INFO tailwindcss_oxide::scanner: Reading "C:\\Users\\alfat\\Downloads\\web-analytics-dashboard (1)\\src\\lib\\logger.ts"
2026-07-30T01:37:45.823837Z  INFO tailwindcss_oxide::scanner: Reading "C:\\Users\\alfat\\Downloads\\web-analytics-dashboard (1)\\src\\components\\layout\\AppLayout.tsx"
2026-07-30T01:37:45.823843Z  INFO tailwindcss_oxide::scanner: Reading "C:\\Users\\alfat\\Downloads\\web-analytics-dashboard (1)\\docs\\END_TO_END_INTEGRATION_REPORT.md"
2026-07-30T01:37:45.823930Z  INFO tailwindcss_oxide::scanner: Reading "C:\\Users\\alfat\\Downloads\\web-analytics-dashboard (1)\\metadata.json"
2026-07-30T01:37:45.823969Z  INFO tailwindcss_oxide::scanner: Reading "C:\\Users\\alfat\\Downloads\\web-analytics-dashboard (1)\\docs\\SDK_DOCUMENTATION.md"
2026-07-30T01:37:45.824046Z  INFO tailwindcss_oxide::scanner: Reading "C:\\Users\\alfat\\Downloads\\web-analytics-dashboard (1)\\src\\components\\SessionDetailModal.tsx"
2026-07-30T01:37:45.824146Z  INFO tailwindcss_oxide::scanner: Reading "C:\\Users\\alfat\\Downloads\\web-analytics-dashboard (1)\\src\\repositories\\analyticsRepository.ts"
2026-07-30T01:37:45.824162Z  INFO tailwindcss_oxide::scanner: Reading "C:\\Users\\alfat\\Downloads\\web-analytics-dashboard (1)\\docs\\PRODUCTION_READINESS_REPORT.md"
2026-07-30T01:37:45.824205Z  INFO tailwindcss_oxide::scanner: Reading "C:\\Users\\alfat\\Downloads\\web-analytics-dashboard (1)\\src\\components\\MetricCard.tsx"
2026-07-30T01:37:45.824277Z  INFO tailwindcss_oxide::scanner: Reading "C:\\Users\\alfat\\Downloads\\web-analytics-dashboard (1)\\nginx.conf"
2026-07-30T01:37:45.824354Z  INFO tailwindcss_oxide::scanner: Reading "C:\\Users\\alfat\\Downloads\\web-analytics-dashboard (1)\\docs\\VERSION_MANIFEST.md"
2026-07-30T01:37:45.824434Z  INFO tailwindcss_oxide::scanner: Reading "C:\\Users\\alfat\\Downloads\\web-analytics-dashboard (1)\\package.json"
2026-07-30T01:37:45.824605Z  INFO tailwindcss_oxide::scanner: Reading "C:\\Users\\alfat\\Downloads\\web-analytics-dashboard (1)\\docs\\OPENAPI.json"
2026-07-30T01:37:45.824626Z  INFO tailwindcss_oxide::scanner: Reading "C:\\Users\\alfat\\Downloads\\web-analytics-dashboard (1)\\index.html"
2026-07-30T01:37:45.824745Z  INFO tailwindcss_oxide::scanner: Reading "C:\\Users\\alfat\\Downloads\\web-analytics-dashboard (1)\\src\\repositories\\siteRepository.ts"
2026-07-30T01:37:45.824804Z  INFO tailwindcss_oxide::scanner: Reading "C:\\Users\\alfat\\Downloads\\web-analytics-dashboard (1)\\src\\components\\SettingsView.tsx"
2026-07-30T01:37:45.824898Z  INFO tailwindcss_oxide::scanner: Reading "C:\\Users\\alfat\\Downloads\\web-analytics-dashboard (1)\\public\\tracker.js"
2026-07-30T01:37:45.824991Z  INFO tailwindcss_oxide::scanner: Reading "C:\\Users\\alfat\\Downloads\\web-analytics-dashboard (1)\\src\\components\\layout\\Sidebar.tsx"
2026-07-30T01:37:45.825068Z  INFO tailwindcss_oxide::scanner: Reading "C:\\Users\\alfat\\Downloads\\web-analytics-dashboard (1)\\src\\services\\analyticsService.ts"
2026-07-30T01:37:45.825107Z  INFO tailwindcss_oxide::scanner: Reading "C:\\Users\\alfat\\Downloads\\web-analytics-dashboard (1)\\src\\sdk\\tracker.ts"
2026-07-30T01:37:45.825155Z  INFO tailwindcss_oxide::scanner: Reading "C:\\Users\\alfat\\Downloads\\web-analytics-dashboard (1)\\src\\components\\shared\\AuthModal.tsx"
2026-07-30T01:37:45.825223Z  INFO tailwindcss_oxide::scanner: Reading "C:\\Users\\alfat\\Downloads\\web-analytics-dashboard (1)\\RC4_DEVELOPMENT_INTEGRATION_REPORT.md"
2026-07-30T01:37:45.825284Z  INFO tailwindcss_oxide::scanner: Reading "C:\\Users\\alfat\\Downloads\\web-analytics-dashboard (1)\\src\\vite-env.d.ts"
2026-07-30T01:37:45.825310Z  INFO tailwindcss_oxide::scanner: Reading "C:\\Users\\alfat\\Downloads\\web-analytics-dashboard (1)\\tests\\runner.ts"
2026-07-30T01:37:45.825447Z  INFO tailwindcss_oxide::scanner: Reading "C:\\Users\\alfat\\Downloads\\web-analytics-dashboard (1)\\docs\\RELEASE_CANDIDATE_3_REPORT.md"
2026-07-30T01:37:45.825491Z  INFO tailwindcss_oxide::scanner: Reading "C:\\Users\\alfat\\Downloads\\web-analytics-dashboard (1)\\src\\components\\Navbar.tsx"
2026-07-30T01:37:45.825499Z  INFO tailwindcss_oxide::scanner: Reading "C:\\Users\\alfat\\Downloads\\web-analytics-dashboard (1)\\src\\services\\authService.ts"
2026-07-30T01:37:45.825513Z  INFO tailwindcss_oxide::scanner: Reading "C:\\Users\\alfat\\Downloads\\web-analytics-dashboard (1)\\src\\components\\shared\\EmptyState.tsx"
2026-07-30T01:37:45.825575Z  INFO tailwindcss_oxide::scanner: Reading "C:\\Users\\alfat\\Downloads\\web-analytics-dashboard (1)\\docs\\RELEASE_V1_OPERATIONAL_RUNBOOK.md"
2026-07-30T01:37:45.825642Z  INFO tailwindcss_oxide::scanner: Reading "C:\\Users\\alfat\\Downloads\\web-analytics-dashboard (1)\\SUPABASE_OPTIMIZATION_EXPLANATION.md"
2026-07-30T01:37:45.825819Z  INFO tailwindcss_oxide::scanner: Reading "C:\\Users\\alfat\\Downloads\\web-analytics-dashboard (1)\\tsconfig.json"
2026-07-30T01:37:45.825956Z  INFO tailwindcss_oxide::scanner: Reading "C:\\Users\\alfat\\Downloads\\web-analytics-dashboard (1)\\vite.config.ts"
2026-07-30T01:37:45.826011Z  INFO tailwindcss_oxide::scanner: Reading "C:\\Users\\alfat\\Downloads\\web-analytics-dashboard (1)\\src\\types\\analytics.ts"
2026-07-30T01:37:45.826046Z  INFO tailwindcss_oxide::scanner: Reading "C:\\Users\\alfat\\Downloads\\web-analytics-dashboard (1)\\src\\services\\queueService.ts"
2026-07-30T01:37:45.826066Z  INFO tailwindcss_oxide::scanner: Reading "C:\\Users\\alfat\\Downloads\\web-analytics-dashboard (1)\\src\\components\\PageDetailModal.tsx"
2026-07-30T01:37:45.826147Z  INFO tailwindcss_oxide::scanner: Reading "C:\\Users\\alfat\\Downloads\\web-analytics-dashboard (1)\\src\\components\\shared\\SkeletonLoader.tsx"
2026-07-30T01:37:45.826181Z  INFO tailwindcss_oxide::scanner: Reading "C:\\Users\\alfat\\Downloads\\web-analytics-dashboard (1)\\src\\components\\NewSiteModal.tsx"
2026-07-30T01:37:45.826309Z  INFO tailwindcss_oxide::scanner: Reading "C:\\Users\\alfat\\Downloads\\web-analytics-dashboard (1)\\src\\services\\collectorService.ts"
2026-07-30T01:37:45.826435Z  INFO get_files:discover_sources: tailwindcss_oxide::scanner: exit
2026-07-30T01:37:45.827038Z  INFO get_files: tailwindcss_oxide::scanner: exit
2026-07-30T01:37:45.827152Z  INFO get_globs: tailwindcss_oxide::scanner: enter
2026-07-30T01:37:45.827165Z  INFO get_globs:discover_sources: tailwindcss_oxide::scanner: enter
2026-07-30T01:37:45.827172Z  INFO get_globs:discover_sources: tailwindcss_oxide::scanner: exit
2026-07-30T01:37:45.838856Z  INFO get_globs: tailwindcss_oxide::scanner: exit
