2026-07-30T00:38:21.288053Z  INFO tailwindcss_oxide::scanner: Provided sources:
2026-07-30T00:38:21.288903Z  INFO tailwindcss_oxide::scanner: Source: PublicSourceEntry { base: "c:\\Users\\alfat\\Downloads\\web-analytics-dashboard (1)", pattern: "**/*", negated: false }
2026-07-30T00:38:21.292056Z  INFO tailwindcss_oxide::scanner: Optimized sources:
2026-07-30T00:38:21.292076Z  INFO tailwindcss_oxide::scanner: Source: Auto { base: "C:\\Users\\alfat\\Downloads\\web-analytics-dashboard (1)" }
2026-07-30T00:38:21.296082Z  INFO get_files: tailwindcss_oxide::scanner: enter
2026-07-30T00:38:21.296111Z  INFO get_files:discover_sources: tailwindcss_oxide::scanner: enter
2026-07-30T00:38:21.296535Z  INFO get_files:discover_sources:walk_synchronous: tailwindcss_oxide::scanner: enter
2026-07-30T00:38:21.303395Z  INFO get_files:discover_sources:walk_synchronous: tailwindcss_oxide::scanner: exit
2026-07-30T00:38:21.304732Z  INFO tailwindcss_oxide::scanner: Reading "C:\\Users\\alfat\\Downloads\\web-analytics-dashboard (1)\\src\\lib\\supabase\\browser.ts"
2026-07-30T00:38:21.304755Z  INFO tailwindcss_oxide::scanner: Reading "C:\\Users\\alfat\\Downloads\\web-analytics-dashboard (1)\\server.ts"
2026-07-30T00:38:21.304774Z  INFO tailwindcss_oxide::scanner: Reading "C:\\Users\\alfat\\Downloads\\web-analytics-dashboard (1)\\src\\components\\GlobalSearchModal.tsx"
2026-07-30T00:38:21.304775Z  INFO tailwindcss_oxide::scanner: Reading "C:\\Users\\alfat\\Downloads\\web-analytics-dashboard (1)\\docs\\RELIABILITY_ARCHITECTURE_REPORT.md"
2026-07-30T00:38:21.304744Z  INFO tailwindcss_oxide::scanner: Reading "C:\\Users\\alfat\\Downloads\\web-analytics-dashboard (1)\\src\\components\\PagesView.tsx"
2026-07-30T00:38:21.304806Z  INFO tailwindcss_oxide::scanner: Reading "C:\\Users\\alfat\\Downloads\\web-analytics-dashboard (1)\\docker-compose.yml"
2026-07-30T00:38:21.304741Z  INFO tailwindcss_oxide::scanner: Reading "C:\\Users\\alfat\\Downloads\\web-analytics-dashboard (1)\\docs\\END_TO_END_INTEGRATION_REPORT.md"
2026-07-30T00:38:21.304899Z  INFO tailwindcss_oxide::scanner: Reading "C:\\Users\\alfat\\Downloads\\web-analytics-dashboard (1)\\src\\App.tsx"
2026-07-30T00:38:21.304982Z  INFO tailwindcss_oxide::scanner: Reading "C:\\Users\\alfat\\Downloads\\web-analytics-dashboard (1)\\.github\\workflows\\deploy.yml"
2026-07-30T00:38:21.305180Z  INFO tailwindcss_oxide::scanner: Reading "C:\\Users\\alfat\\Downloads\\web-analytics-dashboard (1)\\src\\components\\PlatformMonitorView.tsx"
2026-07-30T00:38:21.305192Z  INFO tailwindcss_oxide::scanner: Reading "C:\\Users\\alfat\\Downloads\\web-analytics-dashboard (1)\\src\\lib\\supabase\\index.ts"
2026-07-30T00:38:21.305205Z  INFO tailwindcss_oxide::scanner: Reading "C:\\Users\\alfat\\Downloads\\web-analytics-dashboard (1)\\docs\\COLLECTOR_SPECIFICATION.md"
2026-07-30T00:38:21.305350Z  INFO tailwindcss_oxide::scanner: Reading "C:\\Users\\alfat\\Downloads\\web-analytics-dashboard (1)\\docs\\OPENAPI.json"
2026-07-30T00:38:21.305381Z  INFO tailwindcss_oxide::scanner: Reading "C:\\Users\\alfat\\Downloads\\web-analytics-dashboard (1)\\src\\components\\AcquisitionView.tsx"
2026-07-30T00:38:21.305382Z  INFO tailwindcss_oxide::scanner: Reading "C:\\Users\\alfat\\Downloads\\web-analytics-dashboard (1)\\docs\\SDK_DOCUMENTATION.md"
2026-07-30T00:38:21.305418Z  INFO tailwindcss_oxide::scanner: Reading "C:\\Users\\alfat\\Downloads\\web-analytics-dashboard (1)\\docker-compose.prod.yml"
2026-07-30T00:38:21.305490Z  INFO tailwindcss_oxide::scanner: Reading "C:\\Users\\alfat\\Downloads\\web-analytics-dashboard (1)\\src\\components\\IntegrationVerificationView.tsx"
2026-07-30T00:38:21.305543Z  INFO tailwindcss_oxide::scanner: Reading "C:\\Users\\alfat\\Downloads\\web-analytics-dashboard (1)\\src\\lib\\supabase\\server.ts"
2026-07-30T00:38:21.305543Z  INFO tailwindcss_oxide::scanner: Reading "C:\\Users\\alfat\\Downloads\\web-analytics-dashboard (1)\\src\\components\\RealtimeView.tsx"
2026-07-30T00:38:21.305547Z  INFO tailwindcss_oxide::scanner: Reading "C:\\Users\\alfat\\Downloads\\web-analytics-dashboard (1)\\src\\components\\ApiKeysView.tsx"
2026-07-30T00:38:21.305634Z  INFO tailwindcss_oxide::scanner: Reading "C:\\Users\\alfat\\Downloads\\web-analytics-dashboard (1)\\src\\components\\BreakdownCard.tsx"
2026-07-30T00:38:21.305686Z  INFO tailwindcss_oxide::scanner: Reading "C:\\Users\\alfat\\Downloads\\web-analytics-dashboard (1)\\docs\\VERSION_MANIFEST.md"
2026-07-30T00:38:21.305761Z  INFO tailwindcss_oxide::scanner: Reading "C:\\Users\\alfat\\Downloads\\web-analytics-dashboard (1)\\docs\\PRODUCTION_READINESS_REPORT.md"
2026-07-30T00:38:21.305775Z  INFO tailwindcss_oxide::scanner: Reading "C:\\Users\\alfat\\Downloads\\web-analytics-dashboard (1)\\metadata.json"
2026-07-30T00:38:21.305803Z  INFO tailwindcss_oxide::scanner: Reading "C:\\Users\\alfat\\Downloads\\web-analytics-dashboard (1)\\src\\components\\layout\\AppLayout.tsx"
2026-07-30T00:38:21.305856Z  INFO tailwindcss_oxide::scanner: Reading "C:\\Users\\alfat\\Downloads\\web-analytics-dashboard (1)\\src\\components\\MainChart.tsx"
2026-07-30T00:38:21.305881Z  INFO tailwindcss_oxide::scanner: Reading "C:\\Users\\alfat\\Downloads\\web-analytics-dashboard (1)\\index.html"
2026-07-30T00:38:21.305921Z  INFO tailwindcss_oxide::scanner: Reading "C:\\Users\\alfat\\Downloads\\web-analytics-dashboard (1)\\src\\components\\ReportsView.tsx"
2026-07-30T00:38:21.305956Z  INFO tailwindcss_oxide::scanner: Reading "C:\\Users\\alfat\\Downloads\\web-analytics-dashboard (1)\\src\\lib\\supabase\\types.ts"
2026-07-30T00:38:21.306031Z  INFO tailwindcss_oxide::scanner: Reading "C:\\Users\\alfat\\Downloads\\web-analytics-dashboard (1)\\src\\services\\analyticsService.ts"
2026-07-30T00:38:21.306137Z  INFO tailwindcss_oxide::scanner: Reading "C:\\Users\\alfat\\Downloads\\web-analytics-dashboard (1)\\src\\components\\EventsView.tsx"
2026-07-30T00:38:21.306141Z  INFO tailwindcss_oxide::scanner: Reading "C:\\Users\\alfat\\Downloads\\web-analytics-dashboard (1)\\src\\lib\\supabase.ts"
2026-07-30T00:38:21.306159Z  INFO tailwindcss_oxide::scanner: Reading "C:\\Users\\alfat\\Downloads\\web-analytics-dashboard (1)\\nginx.conf"
2026-07-30T00:38:21.306187Z  INFO tailwindcss_oxide::scanner: Reading "C:\\Users\\alfat\\Downloads\\web-analytics-dashboard (1)\\src\\components\\layout\\Sidebar.tsx"
2026-07-30T00:38:21.306213Z  INFO tailwindcss_oxide::scanner: Reading "C:\\Users\\alfat\\Downloads\\web-analytics-dashboard (1)\\src\\components\\MetricCard.tsx"
2026-07-30T00:38:21.306242Z  INFO tailwindcss_oxide::scanner: Reading "C:\\Users\\alfat\\Downloads\\web-analytics-dashboard (1)\\package.json"
2026-07-30T00:38:21.306317Z  INFO tailwindcss_oxide::scanner: Reading "C:\\Users\\alfat\\Downloads\\web-analytics-dashboard (1)\\src\\main.tsx"
2026-07-30T00:38:21.306347Z  INFO tailwindcss_oxide::scanner: Reading "C:\\Users\\alfat\\Downloads\\web-analytics-dashboard (1)\\src\\components\\SessionDetailModal.tsx"
2026-07-30T00:38:21.306386Z  INFO tailwindcss_oxide::scanner: Reading "C:\\Users\\alfat\\Downloads\\web-analytics-dashboard (1)\\src\\services\\authService.ts"
2026-07-30T00:38:21.306410Z  INFO tailwindcss_oxide::scanner: Reading "C:\\Users\\alfat\\Downloads\\web-analytics-dashboard (1)\\src\\components\\ExportButton.tsx"
2026-07-30T00:38:21.306501Z  INFO tailwindcss_oxide::scanner: Reading "C:\\Users\\alfat\\Downloads\\web-analytics-dashboard (1)\\docs\\RELEASE_CANDIDATE_3_REPORT.md"
2026-07-30T00:38:21.306542Z  INFO tailwindcss_oxide::scanner: Reading "C:\\Users\\alfat\\Downloads\\web-analytics-dashboard (1)\\src\\services\\collectorService.ts"
2026-07-30T00:38:21.306554Z  INFO tailwindcss_oxide::scanner: Reading "C:\\Users\\alfat\\Downloads\\web-analytics-dashboard (1)\\src\\repositories\\analyticsRepository.ts"
2026-07-30T00:38:21.306588Z  INFO tailwindcss_oxide::scanner: Reading "C:\\Users\\alfat\\Downloads\\web-analytics-dashboard (1)\\public\\tracker.js"
2026-07-30T00:38:21.306711Z  INFO tailwindcss_oxide::scanner: Reading "C:\\Users\\alfat\\Downloads\\web-analytics-dashboard (1)\\src\\components\\Navbar.tsx"
2026-07-30T00:38:21.306786Z  INFO tailwindcss_oxide::scanner: Reading "C:\\Users\\alfat\\Downloads\\web-analytics-dashboard (1)\\src\\components\\NewSiteModal.tsx"
2026-07-30T00:38:21.306879Z  INFO tailwindcss_oxide::scanner: Reading "C:\\Users\\alfat\\Downloads\\web-analytics-dashboard (1)\\docs\\RELEASE_V1_OPERATIONAL_RUNBOOK.md"
2026-07-30T00:38:21.306889Z  INFO tailwindcss_oxide::scanner: Reading "C:\\Users\\alfat\\Downloads\\web-analytics-dashboard (1)\\README.md"
2026-07-30T00:38:21.306892Z  INFO tailwindcss_oxide::scanner: Reading "C:\\Users\\alfat\\Downloads\\web-analytics-dashboard (1)\\src\\services\\queueService.ts"
2026-07-30T00:38:21.306962Z  INFO tailwindcss_oxide::scanner: Reading "C:\\Users\\alfat\\Downloads\\web-analytics-dashboard (1)\\src\\components\\SettingsView.tsx"
2026-07-30T00:38:21.307002Z  INFO tailwindcss_oxide::scanner: Reading "C:\\Users\\alfat\\Downloads\\web-analytics-dashboard (1)\\src\\components\\GeographyView.tsx"
2026-07-30T00:38:21.307053Z  INFO tailwindcss_oxide::scanner: Reading "C:\\Users\\alfat\\Downloads\\web-analytics-dashboard (1)\\src\\components\\GlobalFilterBar.tsx"
2026-07-30T00:38:21.307069Z  INFO tailwindcss_oxide::scanner: Reading "C:\\Users\\alfat\\Downloads\\web-analytics-dashboard (1)\\src\\repositories\\siteRepository.ts"
2026-07-30T00:38:21.307211Z  INFO tailwindcss_oxide::scanner: Reading "C:\\Users\\alfat\\Downloads\\web-analytics-dashboard (1)\\tests\\runner.ts"
2026-07-30T00:38:21.307212Z  INFO tailwindcss_oxide::scanner: Reading "C:\\Users\\alfat\\Downloads\\web-analytics-dashboard (1)\\src\\components\\SitesView.tsx"
2026-07-30T00:38:21.307269Z  INFO tailwindcss_oxide::scanner: Reading "C:\\Users\\alfat\\Downloads\\web-analytics-dashboard (1)\\src\\types\\analytics.ts"
2026-07-30T00:38:21.307288Z  INFO tailwindcss_oxide::scanner: Reading "C:\\Users\\alfat\\Downloads\\web-analytics-dashboard (1)\\src\\components\\shared\\AuthModal.tsx"
2026-07-30T00:38:21.307356Z  INFO tailwindcss_oxide::scanner: Reading "C:\\Users\\alfat\\Downloads\\web-analytics-dashboard (1)\\SUPABASE_OPTIMIZATION_EXPLANATION.md"
2026-07-30T00:38:21.307384Z  INFO tailwindcss_oxide::scanner: Reading "C:\\Users\\alfat\\Downloads\\web-analytics-dashboard (1)\\src\\sdk\\tracker.ts"
2026-07-30T00:38:21.307395Z  INFO tailwindcss_oxide::scanner: Reading "C:\\Users\\alfat\\Downloads\\web-analytics-dashboard (1)\\src\\vite-env.d.ts"
2026-07-30T00:38:21.307403Z  INFO tailwindcss_oxide::scanner: Reading "C:\\Users\\alfat\\Downloads\\web-analytics-dashboard (1)\\src\\components\\PageDetailModal.tsx"
2026-07-30T00:38:21.307496Z  INFO tailwindcss_oxide::scanner: Reading "C:\\Users\\alfat\\Downloads\\web-analytics-dashboard (1)\\src\\components\\VisitorDetailModal.tsx"
2026-07-30T00:38:21.307504Z  INFO tailwindcss_oxide::scanner: Reading "C:\\Users\\alfat\\Downloads\\web-analytics-dashboard (1)\\tsconfig.json"
2026-07-30T00:38:21.307532Z  INFO tailwindcss_oxide::scanner: Reading "C:\\Users\\alfat\\Downloads\\web-analytics-dashboard (1)\\vite.config.ts"
2026-07-30T00:38:21.307713Z  INFO tailwindcss_oxide::scanner: Reading "C:\\Users\\alfat\\Downloads\\web-analytics-dashboard (1)\\src\\components\\VisitorsView.tsx"
2026-07-30T00:38:21.307734Z  INFO tailwindcss_oxide::scanner: Reading "C:\\Users\\alfat\\Downloads\\web-analytics-dashboard (1)\\src\\components\\TechnologyView.tsx"
2026-07-30T00:38:21.307771Z  INFO tailwindcss_oxide::scanner: Reading "C:\\Users\\alfat\\Downloads\\web-analytics-dashboard (1)\\src\\lib\\analyticsEngine.ts"
2026-07-30T00:38:21.307852Z  INFO tailwindcss_oxide::scanner: Reading "C:\\Users\\alfat\\Downloads\\web-analytics-dashboard (1)\\src\\lib\\env.ts"
2026-07-30T00:38:21.307873Z  INFO tailwindcss_oxide::scanner: Reading "C:\\Users\\alfat\\Downloads\\web-analytics-dashboard (1)\\src\\lib\\analytics\\index.ts"
2026-07-30T00:38:21.307885Z  INFO tailwindcss_oxide::scanner: Reading "C:\\Users\\alfat\\Downloads\\web-analytics-dashboard (1)\\src\\components\\TrackingInstallationView.tsx"
2026-07-30T00:38:21.308112Z  INFO tailwindcss_oxide::scanner: Reading "C:\\Users\\alfat\\Downloads\\web-analytics-dashboard (1)\\src\\lib\\logger.ts"
2026-07-30T00:38:21.308151Z  INFO tailwindcss_oxide::scanner: Reading "C:\\Users\\alfat\\Downloads\\web-analytics-dashboard (1)\\src\\components\\shared\\EmptyState.tsx"
2026-07-30T00:38:21.308565Z  INFO tailwindcss_oxide::scanner: Reading "C:\\Users\\alfat\\Downloads\\web-analytics-dashboard (1)\\src\\components\\shared\\SkeletonLoader.tsx"
2026-07-30T00:38:21.308653Z  INFO get_files:discover_sources: tailwindcss_oxide::scanner: exit
2026-07-30T00:38:21.309164Z  INFO get_files: tailwindcss_oxide::scanner: exit
2026-07-30T00:38:21.309275Z  INFO get_globs: tailwindcss_oxide::scanner: enter
2026-07-30T00:38:21.309284Z  INFO get_globs:discover_sources: tailwindcss_oxide::scanner: enter
2026-07-30T00:38:21.309289Z  INFO get_globs:discover_sources: tailwindcss_oxide::scanner: exit
2026-07-30T00:38:21.314143Z  INFO get_globs: tailwindcss_oxide::scanner: exit
