2026-07-29T17:50:45.190006Z  INFO tailwindcss_oxide::scanner: Provided sources:
2026-07-29T17:50:45.190702Z  INFO tailwindcss_oxide::scanner: Source: PublicSourceEntry { base: "c:\\Users\\alfat\\Downloads\\web-analytics-dashboard (1)", pattern: "**/*", negated: false }
2026-07-29T17:50:45.193042Z  INFO tailwindcss_oxide::scanner: Optimized sources:
2026-07-29T17:50:45.193059Z  INFO tailwindcss_oxide::scanner: Source: Auto { base: "C:\\Users\\alfat\\Downloads\\web-analytics-dashboard (1)" }
2026-07-29T17:50:45.197732Z  INFO get_files: tailwindcss_oxide::scanner: enter
2026-07-29T17:50:45.197776Z  INFO get_files:discover_sources: tailwindcss_oxide::scanner: enter
2026-07-29T17:50:45.197867Z  INFO get_files:discover_sources:walk_synchronous: tailwindcss_oxide::scanner: enter
2026-07-29T17:50:45.204061Z  INFO get_files:discover_sources:walk_synchronous: tailwindcss_oxide::scanner: exit
2026-07-29T17:50:45.205018Z  INFO tailwindcss_oxide::scanner: Reading "C:\\Users\\alfat\\Downloads\\web-analytics-dashboard (1)\\server.ts"
2026-07-29T17:50:45.205041Z  INFO tailwindcss_oxide::scanner: Reading "C:\\Users\\alfat\\Downloads\\web-analytics-dashboard (1)\\src\\components\\PlatformMonitorView.tsx"
2026-07-29T17:50:45.205034Z  INFO tailwindcss_oxide::scanner: Reading "C:\\Users\\alfat\\Downloads\\web-analytics-dashboard (1)\\src\\components\\GlobalSearchModal.tsx"
2026-07-29T17:50:45.205037Z  INFO tailwindcss_oxide::scanner: Reading "C:\\Users\\alfat\\Downloads\\web-analytics-dashboard (1)\\src\\components\\BreakdownCard.tsx"
2026-07-29T17:50:45.205048Z  INFO tailwindcss_oxide::scanner: Reading "C:\\Users\\alfat\\Downloads\\web-analytics-dashboard (1)\\docker-compose.yml"
2026-07-29T17:50:45.205121Z  INFO tailwindcss_oxide::scanner: Reading "C:\\Users\\alfat\\Downloads\\web-analytics-dashboard (1)\\src\\App.tsx"
2026-07-29T17:50:45.205147Z  INFO tailwindcss_oxide::scanner: Reading "C:\\Users\\alfat\\Downloads\\web-analytics-dashboard (1)\\src\\components\\RealtimeView.tsx"
2026-07-29T17:50:45.205171Z  INFO tailwindcss_oxide::scanner: Reading "C:\\Users\\alfat\\Downloads\\web-analytics-dashboard (1)\\src\\components\\layout\\AppLayout.tsx"
2026-07-29T17:50:45.205214Z  INFO tailwindcss_oxide::scanner: Reading "C:\\Users\\alfat\\Downloads\\web-analytics-dashboard (1)\\src\\components\\AcquisitionView.tsx"
2026-07-29T17:50:45.205214Z  INFO tailwindcss_oxide::scanner: Reading "C:\\Users\\alfat\\Downloads\\web-analytics-dashboard (1)\\src\\components\\EventsView.tsx"
2026-07-29T17:50:45.205258Z  INFO tailwindcss_oxide::scanner: Reading "C:\\Users\\alfat\\Downloads\\web-analytics-dashboard (1)\\src\\components\\ReportsView.tsx"
2026-07-29T17:50:45.205266Z  INFO tailwindcss_oxide::scanner: Reading "C:\\Users\\alfat\\Downloads\\web-analytics-dashboard (1)\\src\\components\\layout\\Sidebar.tsx"
2026-07-29T17:50:45.205298Z  INFO tailwindcss_oxide::scanner: Reading "C:\\Users\\alfat\\Downloads\\web-analytics-dashboard (1)\\src\\components\\ExportButton.tsx"
2026-07-29T17:50:45.205294Z  INFO tailwindcss_oxide::scanner: Reading "C:\\Users\\alfat\\Downloads\\web-analytics-dashboard (1)\\docs\\RELIABILITY_ARCHITECTURE_REPORT.md"
2026-07-29T17:50:45.205309Z  INFO tailwindcss_oxide::scanner: Reading "C:\\Users\\alfat\\Downloads\\web-analytics-dashboard (1)\\docs\\COLLECTOR_SPECIFICATION.md"
2026-07-29T17:50:45.205337Z  INFO tailwindcss_oxide::scanner: Reading "C:\\Users\\alfat\\Downloads\\web-analytics-dashboard (1)\\src\\components\\ApiKeysView.tsx"
2026-07-29T17:50:45.205368Z  INFO tailwindcss_oxide::scanner: Reading "C:\\Users\\alfat\\Downloads\\web-analytics-dashboard (1)\\src\\components\\SessionDetailModal.tsx"
2026-07-29T17:50:45.205392Z  INFO tailwindcss_oxide::scanner: Reading "C:\\Users\\alfat\\Downloads\\web-analytics-dashboard (1)\\src\\components\\MainChart.tsx"
2026-07-29T17:50:45.205395Z  INFO tailwindcss_oxide::scanner: Reading "C:\\Users\\alfat\\Downloads\\web-analytics-dashboard (1)\\src\\components\\GeographyView.tsx"
2026-07-29T17:50:45.205427Z  INFO tailwindcss_oxide::scanner: Reading "C:\\Users\\alfat\\Downloads\\web-analytics-dashboard (1)\\src\\components\\MetricCard.tsx"
2026-07-29T17:50:45.205471Z  INFO tailwindcss_oxide::scanner: Reading "C:\\Users\\alfat\\Downloads\\web-analytics-dashboard (1)\\docs\\END_TO_END_INTEGRATION_REPORT.md"
2026-07-29T17:50:45.205489Z  INFO tailwindcss_oxide::scanner: Reading "C:\\Users\\alfat\\Downloads\\web-analytics-dashboard (1)\\src\\components\\GlobalFilterBar.tsx"
2026-07-29T17:50:45.205446Z  INFO tailwindcss_oxide::scanner: Reading "C:\\Users\\alfat\\Downloads\\web-analytics-dashboard (1)\\metadata.json"
2026-07-29T17:50:45.205454Z  INFO tailwindcss_oxide::scanner: Reading "C:\\Users\\alfat\\Downloads\\web-analytics-dashboard (1)\\src\\components\\SettingsView.tsx"
2026-07-29T17:50:45.205549Z  INFO tailwindcss_oxide::scanner: Reading "C:\\Users\\alfat\\Downloads\\web-analytics-dashboard (1)\\docs\\SDK_DOCUMENTATION.md"
2026-07-29T17:50:45.205562Z  INFO tailwindcss_oxide::scanner: Reading "C:\\Users\\alfat\\Downloads\\web-analytics-dashboard (1)\\src\\lib\\supabase\\index.ts"
2026-07-29T17:50:45.205565Z  INFO tailwindcss_oxide::scanner: Reading "C:\\Users\\alfat\\Downloads\\web-analytics-dashboard (1)\\src\\components\\Navbar.tsx"
2026-07-29T17:50:45.205606Z  INFO tailwindcss_oxide::scanner: Reading "C:\\Users\\alfat\\Downloads\\web-analytics-dashboard (1)\\src\\components\\shared\\AuthModal.tsx"
2026-07-29T17:50:45.205639Z  INFO tailwindcss_oxide::scanner: Reading "C:\\Users\\alfat\\Downloads\\web-analytics-dashboard (1)\\src\\lib\\supabase\\server.ts"
2026-07-29T17:50:45.205642Z  INFO tailwindcss_oxide::scanner: Reading "C:\\Users\\alfat\\Downloads\\web-analytics-dashboard (1)\\src\\components\\NewSiteModal.tsx"
2026-07-29T17:50:45.205651Z  INFO tailwindcss_oxide::scanner: Reading "C:\\Users\\alfat\\Downloads\\web-analytics-dashboard (1)\\docs\\OPENAPI.json"
2026-07-29T17:50:45.205720Z  INFO tailwindcss_oxide::scanner: Reading "C:\\Users\\alfat\\Downloads\\web-analytics-dashboard (1)\\docker-compose.prod.yml"
2026-07-29T17:50:45.205721Z  INFO tailwindcss_oxide::scanner: Reading "C:\\Users\\alfat\\Downloads\\web-analytics-dashboard (1)\\src\\lib\\supabase\\types.ts"
2026-07-29T17:50:45.205727Z  INFO tailwindcss_oxide::scanner: Reading "C:\\Users\\alfat\\Downloads\\web-analytics-dashboard (1)\\src\\components\\shared\\EmptyState.tsx"
2026-07-29T17:50:45.205737Z  INFO tailwindcss_oxide::scanner: Reading "C:\\Users\\alfat\\Downloads\\web-analytics-dashboard (1)\\src\\components\\PageDetailModal.tsx"
2026-07-29T17:50:45.205762Z  INFO tailwindcss_oxide::scanner: Reading "C:\\Users\\alfat\\Downloads\\web-analytics-dashboard (1)\\docs\\VERSION_MANIFEST.md"
2026-07-29T17:50:45.205794Z  INFO tailwindcss_oxide::scanner: Reading "C:\\Users\\alfat\\Downloads\\web-analytics-dashboard (1)\\nginx.conf"
2026-07-29T17:50:45.205799Z  INFO tailwindcss_oxide::scanner: Reading "C:\\Users\\alfat\\Downloads\\web-analytics-dashboard (1)\\src\\lib\\supabase.ts"
2026-07-29T17:50:45.205810Z  INFO tailwindcss_oxide::scanner: Reading "C:\\Users\\alfat\\Downloads\\web-analytics-dashboard (1)\\src\\components\\TechnologyView.tsx"
2026-07-29T17:50:45.205825Z  INFO tailwindcss_oxide::scanner: Reading "C:\\Users\\alfat\\Downloads\\web-analytics-dashboard (1)\\src\\components\\PagesView.tsx"
2026-07-29T17:50:45.205844Z  INFO tailwindcss_oxide::scanner: Reading "C:\\Users\\alfat\\Downloads\\web-analytics-dashboard (1)\\src\\components\\shared\\SkeletonLoader.tsx"
2026-07-29T17:50:45.205869Z  INFO tailwindcss_oxide::scanner: Reading "C:\\Users\\alfat\\Downloads\\web-analytics-dashboard (1)\\src\\main.tsx"
2026-07-29T17:50:45.205874Z  INFO tailwindcss_oxide::scanner: Reading "C:\\Users\\alfat\\Downloads\\web-analytics-dashboard (1)\\package.json"
2026-07-29T17:50:45.205875Z  INFO tailwindcss_oxide::scanner: Reading "C:\\Users\\alfat\\Downloads\\web-analytics-dashboard (1)\\index.html"
2026-07-29T17:50:45.205898Z  INFO tailwindcss_oxide::scanner: Reading "C:\\Users\\alfat\\Downloads\\web-analytics-dashboard (1)\\src\\components\\TrackingInstallationView.tsx"
2026-07-29T17:50:45.205948Z  INFO tailwindcss_oxide::scanner: Reading "C:\\Users\\alfat\\Downloads\\web-analytics-dashboard (1)\\src\\repositories\\analyticsRepository.ts"
2026-07-29T17:50:45.205952Z  INFO tailwindcss_oxide::scanner: Reading "C:\\Users\\alfat\\Downloads\\web-analytics-dashboard (1)\\src\\services\\authService.ts"
2026-07-29T17:50:45.205961Z  INFO tailwindcss_oxide::scanner: Reading "C:\\Users\\alfat\\Downloads\\web-analytics-dashboard (1)\\public\\tracker.js"
2026-07-29T17:50:45.205952Z  INFO tailwindcss_oxide::scanner: Reading "C:\\Users\\alfat\\Downloads\\web-analytics-dashboard (1)\\src\\components\\SitesView.tsx"
2026-07-29T17:50:45.206033Z  INFO tailwindcss_oxide::scanner: Reading "C:\\Users\\alfat\\Downloads\\web-analytics-dashboard (1)\\docs\\PRODUCTION_READINESS_REPORT.md"
2026-07-29T17:50:45.206070Z  INFO tailwindcss_oxide::scanner: Reading "C:\\Users\\alfat\\Downloads\\web-analytics-dashboard (1)\\src\\repositories\\siteRepository.ts"
2026-07-29T17:50:45.206116Z  INFO tailwindcss_oxide::scanner: Reading "C:\\Users\\alfat\\Downloads\\web-analytics-dashboard (1)\\src\\services\\collectorService.ts"
2026-07-29T17:50:45.206137Z  INFO tailwindcss_oxide::scanner: Reading "C:\\Users\\alfat\\Downloads\\web-analytics-dashboard (1)\\README.md"
2026-07-29T17:50:45.206143Z  INFO tailwindcss_oxide::scanner: Reading "C:\\Users\\alfat\\Downloads\\web-analytics-dashboard (1)\\src\\lib\\env.ts"
2026-07-29T17:50:45.206146Z  INFO tailwindcss_oxide::scanner: Reading "C:\\Users\\alfat\\Downloads\\web-analytics-dashboard (1)\\src\\lib\\analytics\\index.ts"
2026-07-29T17:50:45.205978Z  INFO tailwindcss_oxide::scanner: Reading "C:\\Users\\alfat\\Downloads\\web-analytics-dashboard (1)\\src\\components\\VisitorDetailModal.tsx"
2026-07-29T17:50:45.206209Z  INFO tailwindcss_oxide::scanner: Reading "C:\\Users\\alfat\\Downloads\\web-analytics-dashboard (1)\\src\\vite-env.d.ts"
2026-07-29T17:50:45.206213Z  INFO tailwindcss_oxide::scanner: Reading "C:\\Users\\alfat\\Downloads\\web-analytics-dashboard (1)\\src\\services\\queueService.ts"
2026-07-29T17:50:45.206218Z  INFO tailwindcss_oxide::scanner: Reading "C:\\Users\\alfat\\Downloads\\web-analytics-dashboard (1)\\src\\lib\\logger.ts"
2026-07-29T17:50:45.206226Z  INFO tailwindcss_oxide::scanner: Reading "C:\\Users\\alfat\\Downloads\\web-analytics-dashboard (1)\\docs\\RELEASE_V1_OPERATIONAL_RUNBOOK.md"
2026-07-29T17:50:45.206237Z  INFO tailwindcss_oxide::scanner: Reading "C:\\Users\\alfat\\Downloads\\web-analytics-dashboard (1)\\src\\components\\VisitorsView.tsx"
2026-07-29T17:50:45.206242Z  INFO tailwindcss_oxide::scanner: Reading "C:\\Users\\alfat\\Downloads\\web-analytics-dashboard (1)\\src\\lib\\analyticsEngine.ts"
2026-07-29T17:50:45.206140Z  INFO tailwindcss_oxide::scanner: Reading "C:\\Users\\alfat\\Downloads\\web-analytics-dashboard (1)\\src\\sdk\\tracker.ts"
2026-07-29T17:50:45.206301Z  INFO tailwindcss_oxide::scanner: Reading "C:\\Users\\alfat\\Downloads\\web-analytics-dashboard (1)\\src\\lib\\supabase\\browser.ts"
2026-07-29T17:50:45.206311Z  INFO tailwindcss_oxide::scanner: Reading "C:\\Users\\alfat\\Downloads\\web-analytics-dashboard (1)\\tsconfig.json"
2026-07-29T17:50:45.206331Z  INFO tailwindcss_oxide::scanner: Reading "C:\\Users\\alfat\\Downloads\\web-analytics-dashboard (1)\\src\\services\\analyticsService.ts"
2026-07-29T17:50:45.206342Z  INFO tailwindcss_oxide::scanner: Reading "C:\\Users\\alfat\\Downloads\\web-analytics-dashboard (1)\\src\\types\\analytics.ts"
2026-07-29T17:50:45.206367Z  INFO tailwindcss_oxide::scanner: Reading "C:\\Users\\alfat\\Downloads\\web-analytics-dashboard (1)\\vite.config.ts"
2026-07-29T17:50:45.206435Z  INFO tailwindcss_oxide::scanner: Reading "C:\\Users\\alfat\\Downloads\\web-analytics-dashboard (1)\\SUPABASE_OPTIMIZATION_EXPLANATION.md"
2026-07-29T17:50:45.206441Z  INFO tailwindcss_oxide::scanner: Reading "C:\\Users\\alfat\\Downloads\\web-analytics-dashboard (1)\\tests\\runner.ts"
2026-07-29T17:50:45.215964Z  INFO tailwindcss_oxide::scanner: Reading "C:\\Users\\alfat\\Downloads\\web-analytics-dashboard (1)\\.github\\workflows\\deploy.yml"
2026-07-29T17:50:45.216081Z  INFO get_files:discover_sources: tailwindcss_oxide::scanner: exit
2026-07-29T17:50:45.216843Z  INFO get_files: tailwindcss_oxide::scanner: exit
2026-07-29T17:50:45.216923Z  INFO get_globs: tailwindcss_oxide::scanner: enter
2026-07-29T17:50:45.216928Z  INFO get_globs:discover_sources: tailwindcss_oxide::scanner: enter
2026-07-29T17:50:45.216931Z  INFO get_globs:discover_sources: tailwindcss_oxide::scanner: exit
2026-07-29T17:50:45.221431Z  INFO get_globs: tailwindcss_oxide::scanner: exit
