2026-07-30T01:33:38.104639Z  INFO tailwindcss_oxide::scanner: Provided sources:
2026-07-30T01:33:38.105134Z  INFO tailwindcss_oxide::scanner: Source: PublicSourceEntry { base: "c:\\Users\\alfat\\Downloads\\web-analytics-dashboard (1)", pattern: "**/*", negated: false }
2026-07-30T01:33:38.107513Z  INFO tailwindcss_oxide::scanner: Optimized sources:
2026-07-30T01:33:38.107538Z  INFO tailwindcss_oxide::scanner: Source: Auto { base: "C:\\Users\\alfat\\Downloads\\web-analytics-dashboard (1)" }
2026-07-30T01:33:38.113038Z  INFO get_files: tailwindcss_oxide::scanner: enter
2026-07-30T01:33:38.113116Z  INFO get_files:discover_sources: tailwindcss_oxide::scanner: enter
2026-07-30T01:33:38.113264Z  INFO get_files:discover_sources:walk_synchronous: tailwindcss_oxide::scanner: enter
2026-07-30T01:33:38.122339Z  INFO get_files:discover_sources:walk_synchronous: tailwindcss_oxide::scanner: exit
2026-07-30T01:33:38.123505Z  INFO tailwindcss_oxide::scanner: Reading "C:\\Users\\alfat\\Downloads\\web-analytics-dashboard (1)\\README.md"
2026-07-30T01:33:38.123696Z  INFO tailwindcss_oxide::scanner: Reading "C:\\Users\\alfat\\Downloads\\web-analytics-dashboard (1)\\.github\\workflows\\deploy.yml"
2026-07-30T01:33:38.123749Z  INFO tailwindcss_oxide::scanner: Reading "C:\\Users\\alfat\\Downloads\\web-analytics-dashboard (1)\\docs\\RELIABILITY_ARCHITECTURE_REPORT.md"
2026-07-30T01:33:38.124021Z  INFO tailwindcss_oxide::scanner: Reading "C:\\Users\\alfat\\Downloads\\web-analytics-dashboard (1)\\docs\\SDK_DOCUMENTATION.md"
2026-07-30T01:33:38.124233Z  INFO tailwindcss_oxide::scanner: Reading "C:\\Users\\alfat\\Downloads\\web-analytics-dashboard (1)\\docs\\VERSION_MANIFEST.md"
2026-07-30T01:33:38.124296Z  INFO tailwindcss_oxide::scanner: Reading "C:\\Users\\alfat\\Downloads\\web-analytics-dashboard (1)\\docker-compose.prod.yml"
2026-07-30T01:33:38.124360Z  INFO tailwindcss_oxide::scanner: Reading "C:\\Users\\alfat\\Downloads\\web-analytics-dashboard (1)\\index.html"
2026-07-30T01:33:38.124499Z  INFO tailwindcss_oxide::scanner: Reading "C:\\Users\\alfat\\Downloads\\web-analytics-dashboard (1)\\docker-compose.yml"
2026-07-30T01:33:38.124530Z  INFO tailwindcss_oxide::scanner: Reading "C:\\Users\\alfat\\Downloads\\web-analytics-dashboard (1)\\metadata.json"
2026-07-30T01:33:38.125007Z  INFO tailwindcss_oxide::scanner: Reading "C:\\Users\\alfat\\Downloads\\web-analytics-dashboard (1)\\docs\\COLLECTOR_SPECIFICATION.md"
2026-07-30T01:33:38.125557Z  INFO tailwindcss_oxide::scanner: Reading "C:\\Users\\alfat\\Downloads\\web-analytics-dashboard (1)\\docs\\END_TO_END_INTEGRATION_REPORT.md"
2026-07-30T01:33:38.126213Z  INFO tailwindcss_oxide::scanner: Reading "C:\\Users\\alfat\\Downloads\\web-analytics-dashboard (1)\\docs\\OPENAPI.json"
2026-07-30T01:33:38.126506Z  INFO tailwindcss_oxide::scanner: Reading "C:\\Users\\alfat\\Downloads\\web-analytics-dashboard (1)\\nginx.conf"
2026-07-30T01:33:38.127003Z  INFO tailwindcss_oxide::scanner: Reading "C:\\Users\\alfat\\Downloads\\web-analytics-dashboard (1)\\package.json"
2026-07-30T01:33:38.127156Z  INFO tailwindcss_oxide::scanner: Reading "C:\\Users\\alfat\\Downloads\\web-analytics-dashboard (1)\\docs\\PRODUCTION_READINESS_REPORT.md"
2026-07-30T01:33:38.140866Z  INFO tailwindcss_oxide::scanner: Reading "C:\\Users\\alfat\\Downloads\\web-analytics-dashboard (1)\\docs\\RELEASE_CANDIDATE_3_REPORT.md"
2026-07-30T01:33:38.141940Z  INFO tailwindcss_oxide::scanner: Reading "C:\\Users\\alfat\\Downloads\\web-analytics-dashboard (1)\\docs\\RELEASE_V1_OPERATIONAL_RUNBOOK.md"
2026-07-30T01:33:38.149319Z  INFO tailwindcss_oxide::scanner: Reading "C:\\Users\\alfat\\Downloads\\web-analytics-dashboard (1)\\src\\vite-env.d.ts"
2026-07-30T01:33:38.149935Z  INFO tailwindcss_oxide::scanner: Reading "C:\\Users\\alfat\\Downloads\\web-analytics-dashboard (1)\\SUPABASE_OPTIMIZATION_EXPLANATION.md"
2026-07-30T01:33:38.152100Z  INFO tailwindcss_oxide::scanner: Reading "C:\\Users\\alfat\\Downloads\\web-analytics-dashboard (1)\\src\\components\\PagesView.tsx"
2026-07-30T01:33:38.155883Z  INFO tailwindcss_oxide::scanner: Reading "C:\\Users\\alfat\\Downloads\\web-analytics-dashboard (1)\\src\\lib\\supabase\\browser.ts"
2026-07-30T01:33:38.159205Z  INFO tailwindcss_oxide::scanner: Reading "C:\\Users\\alfat\\Downloads\\web-analytics-dashboard (1)\\src\\components\\SitesView.tsx"
2026-07-30T01:33:38.160077Z  INFO tailwindcss_oxide::scanner: Reading "C:\\Users\\alfat\\Downloads\\web-analytics-dashboard (1)\\server.ts"
2026-07-30T01:33:38.168246Z  INFO tailwindcss_oxide::scanner: Reading "C:\\Users\\alfat\\Downloads\\web-analytics-dashboard (1)\\src\\components\\VisitorsView.tsx"
2026-07-30T01:33:38.173580Z  INFO tailwindcss_oxide::scanner: Reading "C:\\Users\\alfat\\Downloads\\web-analytics-dashboard (1)\\src\\services\\analyticsService.ts"
2026-07-30T01:33:38.175070Z  INFO tailwindcss_oxide::scanner: Reading "C:\\Users\\alfat\\Downloads\\web-analytics-dashboard (1)\\tests\\runner.ts"
2026-07-30T01:33:38.175264Z  INFO tailwindcss_oxide::scanner: Reading "C:\\Users\\alfat\\Downloads\\web-analytics-dashboard (1)\\tsconfig.json"
2026-07-30T01:33:38.176774Z  INFO tailwindcss_oxide::scanner: Reading "C:\\Users\\alfat\\Downloads\\web-analytics-dashboard (1)\\public\\tracker.js"
2026-07-30T01:33:38.177228Z  INFO tailwindcss_oxide::scanner: Reading "C:\\Users\\alfat\\Downloads\\web-analytics-dashboard (1)\\RC4_DEVELOPMENT_INTEGRATION_REPORT.md"
2026-07-30T01:33:38.177679Z  INFO tailwindcss_oxide::scanner: Reading "C:\\Users\\alfat\\Downloads\\web-analytics-dashboard (1)\\src\\components\\PlatformMonitorView.tsx"
2026-07-30T01:33:38.189469Z  INFO tailwindcss_oxide::scanner: Reading "C:\\Users\\alfat\\Downloads\\web-analytics-dashboard (1)\\src\\components\\TechnologyView.tsx"
2026-07-30T01:33:38.196616Z  INFO tailwindcss_oxide::scanner: Reading "C:\\Users\\alfat\\Downloads\\web-analytics-dashboard (1)\\src\\App.tsx"
2026-07-30T01:33:38.199332Z  INFO tailwindcss_oxide::scanner: Reading "C:\\Users\\alfat\\Downloads\\web-analytics-dashboard (1)\\src\\lib\\supabase.ts"
2026-07-30T01:33:38.199662Z  INFO tailwindcss_oxide::scanner: Reading "C:\\Users\\alfat\\Downloads\\web-analytics-dashboard (1)\\vite.config.ts"
2026-07-30T01:33:38.199854Z  INFO tailwindcss_oxide::scanner: Reading "C:\\Users\\alfat\\Downloads\\web-analytics-dashboard (1)\\src\\lib\\supabase\\index.ts"
2026-07-30T01:33:38.205384Z  INFO tailwindcss_oxide::scanner: Reading "C:\\Users\\alfat\\Downloads\\web-analytics-dashboard (1)\\src\\services\\authService.ts"
2026-07-30T01:33:38.206216Z  INFO tailwindcss_oxide::scanner: Reading "C:\\Users\\alfat\\Downloads\\web-analytics-dashboard (1)\\src\\lib\\analytics\\index.ts"
2026-07-30T01:33:38.210654Z  INFO tailwindcss_oxide::scanner: Reading "C:\\Users\\alfat\\Downloads\\web-analytics-dashboard (1)\\src\\components\\RealtimeView.tsx"
2026-07-30T01:33:38.221735Z  INFO tailwindcss_oxide::scanner: Reading "C:\\Users\\alfat\\Downloads\\web-analytics-dashboard (1)\\src\\main.tsx"
2026-07-30T01:33:38.225181Z  INFO tailwindcss_oxide::scanner: Reading "C:\\Users\\alfat\\Downloads\\web-analytics-dashboard (1)\\src\\components\\AcquisitionView.tsx"
2026-07-30T01:33:38.226188Z  INFO tailwindcss_oxide::scanner: Reading "C:\\Users\\alfat\\Downloads\\web-analytics-dashboard (1)\\src\\lib\\supabase\\server.ts"
2026-07-30T01:33:38.235945Z  INFO tailwindcss_oxide::scanner: Reading "C:\\Users\\alfat\\Downloads\\web-analytics-dashboard (1)\\src\\repositories\\analyticsRepository.ts"
2026-07-30T01:33:38.236811Z  INFO tailwindcss_oxide::scanner: Reading "C:\\Users\\alfat\\Downloads\\web-analytics-dashboard (1)\\src\\lib\\analyticsEngine.ts"
2026-07-30T01:33:38.249526Z  INFO tailwindcss_oxide::scanner: Reading "C:\\Users\\alfat\\Downloads\\web-analytics-dashboard (1)\\src\\components\\ReportsView.tsx"
2026-07-30T01:33:38.250700Z  INFO tailwindcss_oxide::scanner: Reading "C:\\Users\\alfat\\Downloads\\web-analytics-dashboard (1)\\src\\services\\queueService.ts"
2026-07-30T01:33:38.250734Z  INFO tailwindcss_oxide::scanner: Reading "C:\\Users\\alfat\\Downloads\\web-analytics-dashboard (1)\\src\\services\\collectorService.ts"
2026-07-30T01:33:38.253388Z  INFO tailwindcss_oxide::scanner: Reading "C:\\Users\\alfat\\Downloads\\web-analytics-dashboard (1)\\src\\lib\\supabase\\types.ts"
2026-07-30T01:33:38.253920Z  INFO tailwindcss_oxide::scanner: Reading "C:\\Users\\alfat\\Downloads\\web-analytics-dashboard (1)\\src\\components\\ApiKeysView.tsx"
2026-07-30T01:33:38.267500Z  INFO tailwindcss_oxide::scanner: Reading "C:\\Users\\alfat\\Downloads\\web-analytics-dashboard (1)\\src\\lib\\env.ts"
2026-07-30T01:33:38.268770Z  INFO tailwindcss_oxide::scanner: Reading "C:\\Users\\alfat\\Downloads\\web-analytics-dashboard (1)\\src\\repositories\\siteRepository.ts"
2026-07-30T01:33:38.276337Z  INFO tailwindcss_oxide::scanner: Reading "C:\\Users\\alfat\\Downloads\\web-analytics-dashboard (1)\\src\\lib\\logger.ts"
2026-07-30T01:33:38.279269Z  INFO tailwindcss_oxide::scanner: Reading "C:\\Users\\alfat\\Downloads\\web-analytics-dashboard (1)\\src\\components\\GlobalFilterBar.tsx"
2026-07-30T01:33:38.280898Z  INFO tailwindcss_oxide::scanner: Reading "C:\\Users\\alfat\\Downloads\\web-analytics-dashboard (1)\\src\\components\\shared\\AuthModal.tsx"
2026-07-30T01:33:38.286201Z  INFO tailwindcss_oxide::scanner: Reading "C:\\Users\\alfat\\Downloads\\web-analytics-dashboard (1)\\src\\components\\SessionDetailModal.tsx"
2026-07-30T01:33:38.286740Z  INFO tailwindcss_oxide::scanner: Reading "C:\\Users\\alfat\\Downloads\\web-analytics-dashboard (1)\\src\\types\\analytics.ts"
2026-07-30T01:33:38.292523Z  INFO tailwindcss_oxide::scanner: Reading "C:\\Users\\alfat\\Downloads\\web-analytics-dashboard (1)\\src\\components\\VisitorDetailModal.tsx"
2026-07-30T01:33:38.299639Z  INFO tailwindcss_oxide::scanner: Reading "C:\\Users\\alfat\\Downloads\\web-analytics-dashboard (1)\\src\\components\\shared\\EmptyState.tsx"
2026-07-30T01:33:38.299701Z  INFO tailwindcss_oxide::scanner: Reading "C:\\Users\\alfat\\Downloads\\web-analytics-dashboard (1)\\src\\components\\BreakdownCard.tsx"
2026-07-30T01:33:38.322649Z  INFO tailwindcss_oxide::scanner: Reading "C:\\Users\\alfat\\Downloads\\web-analytics-dashboard (1)\\src\\components\\EventsView.tsx"
2026-07-30T01:33:38.323103Z  INFO tailwindcss_oxide::scanner: Reading "C:\\Users\\alfat\\Downloads\\web-analytics-dashboard (1)\\src\\sdk\\tracker.ts"
2026-07-30T01:33:38.324360Z  INFO tailwindcss_oxide::scanner: Reading "C:\\Users\\alfat\\Downloads\\web-analytics-dashboard (1)\\src\\components\\GlobalSearchModal.tsx"
2026-07-30T01:33:38.324777Z  INFO tailwindcss_oxide::scanner: Reading "C:\\Users\\alfat\\Downloads\\web-analytics-dashboard (1)\\src\\components\\SettingsView.tsx"
2026-07-30T01:33:38.324817Z  INFO tailwindcss_oxide::scanner: Reading "C:\\Users\\alfat\\Downloads\\web-analytics-dashboard (1)\\src\\components\\IntegrationVerificationView.tsx"
2026-07-30T01:33:38.342698Z  INFO tailwindcss_oxide::scanner: Reading "C:\\Users\\alfat\\Downloads\\web-analytics-dashboard (1)\\src\\components\\layout\\AppLayout.tsx"
2026-07-30T01:33:38.352225Z  INFO tailwindcss_oxide::scanner: Reading "C:\\Users\\alfat\\Downloads\\web-analytics-dashboard (1)\\src\\components\\TrackingInstallationView.tsx"
2026-07-30T01:33:38.356657Z  INFO tailwindcss_oxide::scanner: Reading "C:\\Users\\alfat\\Downloads\\web-analytics-dashboard (1)\\src\\components\\ExportButton.tsx"
2026-07-30T01:33:38.360974Z  INFO tailwindcss_oxide::scanner: Reading "C:\\Users\\alfat\\Downloads\\web-analytics-dashboard (1)\\src\\components\\MainChart.tsx"
2026-07-30T01:33:38.374087Z  INFO tailwindcss_oxide::scanner: Reading "C:\\Users\\alfat\\Downloads\\web-analytics-dashboard (1)\\src\\components\\shared\\SkeletonLoader.tsx"
2026-07-30T01:33:38.383411Z  INFO tailwindcss_oxide::scanner: Reading "C:\\Users\\alfat\\Downloads\\web-analytics-dashboard (1)\\src\\components\\PageDetailModal.tsx"
2026-07-30T01:33:38.384039Z  INFO tailwindcss_oxide::scanner: Reading "C:\\Users\\alfat\\Downloads\\web-analytics-dashboard (1)\\src\\components\\layout\\Sidebar.tsx"
2026-07-30T01:33:38.384428Z  INFO tailwindcss_oxide::scanner: Reading "C:\\Users\\alfat\\Downloads\\web-analytics-dashboard (1)\\src\\components\\MetricCard.tsx"
2026-07-30T01:33:38.384563Z  INFO tailwindcss_oxide::scanner: Reading "C:\\Users\\alfat\\Downloads\\web-analytics-dashboard (1)\\src\\components\\GeographyView.tsx"
2026-07-30T01:33:38.389079Z  INFO tailwindcss_oxide::scanner: Reading "C:\\Users\\alfat\\Downloads\\web-analytics-dashboard (1)\\src\\components\\NewSiteModal.tsx"
2026-07-30T01:33:38.392273Z  INFO tailwindcss_oxide::scanner: Reading "C:\\Users\\alfat\\Downloads\\web-analytics-dashboard (1)\\src\\components\\Navbar.tsx"
2026-07-30T01:33:38.392621Z  INFO get_files:discover_sources: tailwindcss_oxide::scanner: exit
2026-07-30T01:33:38.393650Z  INFO get_files: tailwindcss_oxide::scanner: exit
2026-07-30T01:33:38.394070Z  INFO get_globs: tailwindcss_oxide::scanner: enter
2026-07-30T01:33:38.394095Z  INFO get_globs:discover_sources: tailwindcss_oxide::scanner: enter
2026-07-30T01:33:38.394103Z  INFO get_globs:discover_sources: tailwindcss_oxide::scanner: exit
2026-07-30T01:33:38.406074Z  INFO get_globs: tailwindcss_oxide::scanner: exit
